../Core/Src/main.c:51:5:main	16	static
../Core/Src/main.c:115:6:SystemClock_Config	88	static
../Core/Src/main.c:148:13:MX_ADC1_Init	24	static
../Core/Src/main.c:183:13:MX_I2C1_Init	8	static
../Core/Src/main.c:205:13:MX_USART2_UART_Init	8	static
../Core/Src/main.c:226:13:MX_GPIO_Init	40	static
../Core/Src/main.c:253:6:SensorTask	48	static
../Core/Src/main.c:329:6:LCDTask	56	static
../Core/Src/main.c:382:6:LoggerTask	160	static
../Core/Src/main.c:411:6:AlarmTask	24	static
../Core/Src/main.c:460:10:Read_ADC	16	static
../Core/Src/main.c:480:6:vAssertCalled	16	static,ignoring_inline_asm
../Core/Src/main.c:489:6:HAL_TIM_PeriodElapsedCallback	16	static
../Core/Src/main.c:500:6:Error_Handler	4	static,ignoring_inline_asm
